<?xml version="1.0" encoding="UTF-8" ?>
<testsuites name="vitest tests" tests="2" failures="0" errors="0" time="0.072343167">
    <testsuite name="test/app.test.ts" timestamp="2026-05-19T14:29:52.130Z" hostname="maruoqingdeMacBook-Air.local" tests="2" failures="0" errors="0" skipped="0" time="0.072343167">
        <testcase classname="test/app.test.ts" name="Fastify app &gt; GET /health returns ok status" time="0.070539791">
        </testcase>
        <testcase classname="test/app.test.ts" name="Fastify app &gt; GET / returns app message and version" time="0.0012075">
        </testcase>
    </testsuite>
</testsuites>
